INFO 2025-12-01 16:49:09,063 autoreload 28648 48792 Watching for file changes with StatReloader
INFO 2025-12-01 16:49:19,413 basehttp 28648 29536 "GET / HTTP/1.1" 302 0
INFO 2025-12-01 16:49:19,422 basehttp 28648 29536 "GET /login/?next=/ HTTP/1.1" 200 10285
INFO 2025-12-01 16:49:23,134 basehttp 28648 29536 "POST /login/ HTTP/1.1" 302 0
INFO 2025-12-01 16:49:23,222 basehttp 28648 29536 "GET / HTTP/1.1" 200 116149
INFO 2025-12-01 16:49:23,373 basehttp 28648 29536 "GET /api/parking-status/ HTTP/1.1" 200 624
INFO 2025-12-01 16:49:23,374 basehttp 28648 9768 "GET /api/parking-data/ HTTP/1.1" 200 11005
INFO 2025-12-01 16:49:23,395 basehttp 28648 8736 "GET /api/recent-activity/ HTTP/1.1" 200 1013
INFO 2025-12-01 16:49:24,712 basehttp 28648 8736 "GET /driver/dashboard/ HTTP/1.1" 200 102636
INFO 2025-12-01 16:49:26,254 basehttp 28648 8736 "GET /driver/detail/ca8bfee2-38fc-42ca-be2e-b86d02e410b6/ HTTP/1.1" 200 66688
INFO 2025-12-01 16:49:26,363 basehttp 28648 8736 "GET /driver/document/ca8bfee2-38fc-42ca-be2e-b86d02e410b6/driver_photo/ HTTP/1.1" 200 87695
INFO 2025-12-01 16:51:41,989 basehttp 28648 8736 "GET /driver/dashboard/ HTTP/1.1" 200 102627
INFO 2025-12-01 16:51:42,996 basehttp 28648 8736 "GET /driver/dashboard/ HTTP/1.1" 200 102627
INFO 2025-12-01 16:51:43,734 basehttp 28648 8736 "GET /driver/detail/d5b13082-08d3-4a4e-80aa-5b15ad5ce8ac/ HTTP/1.1" 200 64678
INFO 2025-12-01 16:51:43,800 basehttp 28648 8736 "GET /driver/document/d5b13082-08d3-4a4e-80aa-5b15ad5ce8ac/driver_photo/ HTTP/1.1" 200 87695
INFO 2025-12-01 16:52:09,417 basehttp 28648 8736 "POST /driver/detail/d5b13082-08d3-4a4e-80aa-5b15ad5ce8ac/ HTTP/1.1" 302 0
INFO 2025-12-01 16:52:09,469 basehttp 28648 8736 "GET /driver/detail/d5b13082-08d3-4a4e-80aa-5b15ad5ce8ac/ HTTP/1.1" 200 66870
INFO 2025-12-01 16:52:09,537 basehttp 28648 8736 "GET /driver/document/d5b13082-08d3-4a4e-80aa-5b15ad5ce8ac/driver_photo/ HTTP/1.1" 200 87695
INFO 2025-12-01 16:52:12,365 basehttp 28648 8736 "GET /driver/dashboard/ HTTP/1.1" 200 102620
INFO 2025-12-01 16:52:43,129 basehttp 28648 8736 "GET /driver/dashboard/ HTTP/1.1" 200 102619
INFO 2025-12-01 16:53:14,135 basehttp 28648 8736 "GET /driver/dashboard/ HTTP/1.1" 200 102619
INFO 2025-12-01 16:53:29,938 basehttp 28648 8736 "GET /driver/detail/d5b13082-08d3-4a4e-80aa-5b15ad5ce8ac/ HTTP/1.1" 200 66870
INFO 2025-12-01 16:53:30,011 basehttp 28648 8736 "GET /driver/document/d5b13082-08d3-4a4e-80aa-5b15ad5ce8ac/driver_photo/ HTTP/1.1" 200 87695
INFO 2025-12-01 16:53:35,527 basehttp 28648 8736 "GET /driver/detail/d5b13082-08d3-4a4e-80aa-5b15ad5ce8ac/ HTTP/1.1" 200 66870
INFO 2025-12-01 16:53:35,611 basehttp 28648 8736 "GET /driver/document/d5b13082-08d3-4a4e-80aa-5b15ad5ce8ac/driver_photo/ HTTP/1.1" 200 87695
INFO 2025-12-01 16:53:38,958 basehttp 28648 8736 "GET /driver/detail/d5b13082-08d3-4a4e-80aa-5b15ad5ce8ac/ HTTP/1.1" 200 66870
INFO 2025-12-01 16:53:39,060 basehttp 28648 8736 "GET /driver/document/d5b13082-08d3-4a4e-80aa-5b15ad5ce8ac/driver_photo/ HTTP/1.1" 200 87695
INFO 2025-12-01 16:53:44,452 basehttp 28648 8736 "GET / HTTP/1.1" 200 116149
INFO 2025-12-01 16:53:44,551 basehttp 28648 9768 "GET /api/parking-data/ HTTP/1.1" 200 11005
INFO 2025-12-01 16:53:44,551 basehttp 28648 8736 "GET /api/parking-status/ HTTP/1.1" 200 624
INFO 2025-12-01 16:53:44,585 basehttp 28648 29536 "GET /api/recent-activity/ HTTP/1.1" 200 1013
INFO 2025-12-01 16:53:49,630 basehttp 28648 29536 "GET /driver/dashboard/ HTTP/1.1" 200 102620
INFO 2025-12-01 16:53:54,791 basehttp 28648 29536 "GET /api/check-vehicle/?vehicle_number=MH35BX2228 HTTP/1.1" 200 104
INFO 2025-12-01 16:54:20,087 basehttp 28648 29536 "GET /driver/dashboard/ HTTP/1.1" 200 102620
INFO 2025-12-01 16:54:51,059 basehttp 28648 29536 "GET /driver/dashboard/ HTTP/1.1" 200 102620
INFO 2025-12-01 16:55:22,054 basehttp 28648 29536 "GET /driver/dashboard/ HTTP/1.1" 200 102620
INFO 2025-12-01 16:55:53,051 basehttp 28648 29536 "GET /driver/dashboard/ HTTP/1.1" 200 102620
INFO 2025-12-01 16:56:24,073 basehttp 28648 29536 "GET /driver/dashboard/ HTTP/1.1" 200 102620
INFO 2025-12-01 16:56:55,039 basehttp 28648 29536 "GET /driver/dashboard/ HTTP/1.1" 200 102607
INFO 2025-12-01 16:57:26,052 basehttp 28648 29536 "GET /driver/dashboard/ HTTP/1.1" 200 102607
INFO 2025-12-01 16:57:57,034 basehttp 28648 29536 "GET /driver/dashboard/ HTTP/1.1" 200 102618
INFO 2025-12-01 16:58:28,047 basehttp 28648 29536 "GET /driver/dashboard/ HTTP/1.1" 200 102618
INFO 2025-12-01 16:58:59,090 basehttp 28648 29536 "GET /driver/dashboard/ HTTP/1.1" 200 102619
INFO 2025-12-01 16:59:30,035 basehttp 28648 29536 "GET /driver/dashboard/ HTTP/1.1" 200 102619
INFO 2025-12-01 17:00:01,063 basehttp 28648 29536 "GET /driver/dashboard/ HTTP/1.1" 200 102619
INFO 2025-12-01 17:00:32,042 basehttp 28648 29536 "GET /driver/dashboard/ HTTP/1.1" 200 102619
INFO 2025-12-01 17:01:02,112 basehttp 28648 29536 "GET /driver/dashboard/ HTTP/1.1" 200 102619
INFO 2025-12-01 17:01:10,464 basehttp 28648 29536 "GET /api/check-vehicle/?vehicle_number=MH35BX2228 HTTP/1.1" 200 104
INFO 2025-12-01 17:01:19,454 basehttp 28648 29536 "GET /api/check-vehicle/?vehicle_number=MH13BX1852 HTTP/1.1" 200 104
INFO 2025-12-01 17:01:33,033 basehttp 28648 29536 "GET /driver/dashboard/ HTTP/1.1" 200 102620
INFO 2025-12-01 17:01:42,088 basehttp 28648 29536 "GET /api/check-vehicle/?vehicle_number=MH13BX1852 HTTP/1.1" 200 104
INFO 2025-12-01 17:02:04,165 basehttp 28648 29536 "GET /driver/dashboard/ HTTP/1.1" 200 102620
INFO 2025-12-01 17:02:35,179 basehttp 28648 29536 "GET /driver/dashboard/ HTTP/1.1" 200 102620
INFO 2025-12-01 17:03:06,153 basehttp 28648 29536 "GET /driver/dashboard/ HTTP/1.1" 200 102620
INFO 2025-12-01 17:03:37,144 basehttp 28648 29536 "GET /driver/dashboard/ HTTP/1.1" 200 102620
INFO 2025-12-01 17:04:08,124 basehttp 28648 29536 "GET /driver/dashboard/ HTTP/1.1" 200 102620
INFO 2025-12-01 17:04:39,122 basehttp 28648 29536 "GET /driver/dashboard/ HTTP/1.1" 200 102620
INFO 2025-12-01 17:05:10,178 basehttp 28648 29536 "GET /driver/dashboard/ HTTP/1.1" 200 102620
INFO 2025-12-01 17:05:24,934 basehttp 28648 29536 "GET /driver/dashboard/ HTTP/1.1" 200 102620
INFO 2025-12-01 17:05:33,491 basehttp 28648 29536 "GET /api/check-vehicle/?vehicle_number=MH13BX1852 HTTP/1.1" 200 104
INFO 2025-12-01 17:05:46,963 basehttp 28648 29536 "GET /api/check-vehicle/?vehicle_number=MH13BX1754 HTTP/1.1" 200 198
INFO 2025-12-01 17:05:56,037 basehttp 28648 29536 "GET /driver/dashboard/ HTTP/1.1" 200 102620
INFO 2025-12-01 17:06:27,026 basehttp 28648 29536 "GET /driver/dashboard/ HTTP/1.1" 200 102620
INFO 2025-12-01 17:06:57,636 autoreload 37904 10780 Watching for file changes with StatReloader
INFO 2025-12-01 17:06:58,310 basehttp 37904 33448 "GET /driver/dashboard/ HTTP/1.1" 200 102621
INFO 2025-12-01 17:07:07,177 basehttp 37904 33448 "GET / HTTP/1.1" 200 116149
INFO 2025-12-01 17:07:07,265 basehttp 37904 33448 "GET /api/parking-status/ HTTP/1.1" 200 624
INFO 2025-12-01 17:07:07,265 basehttp 37904 11400 "GET /api/parking-data/ HTTP/1.1" 200 11005
INFO 2025-12-01 17:07:07,295 basehttp 37904 33748 "GET /api/recent-activity/ HTTP/1.1" 200 1013
INFO 2025-12-01 17:07:10,316 basehttp 37904 33748 "GET /driver/dashboard/ HTTP/1.1" 200 102621
INFO 2025-12-01 17:07:22,804 basehttp 37904 33748 "GET /api/check-vehicle/?vehicle_number=MH13BX9874 HTTP/1.1" 200 104
INFO 2025-12-01 17:07:31,968 basehttp 37904 33748 "GET /api/check-vehicle/?vehicle_number=MH14AB5678 HTTP/1.1" 200 190
INFO 2025-12-01 17:07:40,777 basehttp 37904 33748 "GET /driver/dashboard/ HTTP/1.1" 200 102621
INFO 2025-12-01 17:07:59,130 basehttp 37904 33748 "GET /driver/dashboard/?page=2 HTTP/1.1" 200 61258
INFO 2025-12-01 17:08:02,975 basehttp 37904 33748 "GET /realtime/ HTTP/1.1" 200 64877
INFO 2025-12-01 17:08:03,049 basehttp 37904 33748 "GET /api/realtime-monitoring/ HTTP/1.1" 200 1547
INFO 2025-12-01 17:08:03,498 basehttp 37904 33748 "GET / HTTP/1.1" 200 116149
INFO 2025-12-01 17:08:03,570 basehttp 37904 11400 "GET /api/parking-data/ HTTP/1.1" 200 11005
INFO 2025-12-01 17:08:03,612 basehttp 37904 33748 "GET /api/parking-status/ HTTP/1.1" 200 624
INFO 2025-12-01 17:08:03,619 basehttp 37904 33448 "GET /api/recent-activity/ HTTP/1.1" 200 1013
INFO 2025-12-01 17:08:33,691 basehttp 37904 33748 "GET /api/parking-data/ HTTP/1.1" 200 11005
INFO 2025-12-01 17:08:33,722 basehttp 37904 33448 "GET /api/parking-status/ HTTP/1.1" 200 624
INFO 2025-12-01 17:08:33,730 basehttp 37904 11400 "GET /api/recent-activity/ HTTP/1.1" 200 1013
INFO 2025-12-01 17:09:03,720 basehttp 37904 11400 "GET /api/parking-status/ HTTP/1.1" 200 624
INFO 2025-12-01 17:09:03,725 basehttp 37904 33448 "GET /api/parking-data/ HTTP/1.1" 200 11005
INFO 2025-12-01 17:09:03,726 basehttp 37904 33748 "GET /api/recent-activity/ HTTP/1.1" 200 1013
INFO 2025-12-01 17:09:33,689 basehttp 37904 33448 "GET /api/parking-data/ HTTP/1.1" 200 11005
INFO 2025-12-01 17:09:33,719 basehttp 37904 33748 "GET /api/parking-status/ HTTP/1.1" 200 624
INFO 2025-12-01 17:09:33,729 basehttp 37904 11400 "GET /api/recent-activity/ HTTP/1.1" 200 1013
INFO 2025-12-01 17:10:03,741 basehttp 37904 33748 "GET /api/parking-data/ HTTP/1.1" 200 11005
INFO 2025-12-01 17:10:03,748 basehttp 37904 11400 "GET /api/parking-status/ HTTP/1.1" 200 624
INFO 2025-12-01 17:10:03,772 basehttp 37904 33448 "GET /api/recent-activity/ HTTP/1.1" 200 1013
INFO 2025-12-01 17:10:27,541 basehttp 37904 33448 "GET / HTTP/1.1" 200 116149
INFO 2025-12-01 17:10:27,644 basehttp 37904 11400 "GET /api/parking-data/ HTTP/1.1" 200 11005
INFO 2025-12-01 17:10:27,686 basehttp 37904 33448 "GET /api/parking-status/ HTTP/1.1" 200 624
INFO 2025-12-01 17:10:27,699 basehttp 37904 33748 "GET /api/recent-activity/ HTTP/1.1" 200 1013
INFO 2025-12-01 17:10:29,010 basehttp 37904 33748 "GET / HTTP/1.1" 200 116149
INFO 2025-12-01 17:10:29,093 basehttp 37904 33448 "GET /api/parking-data/ HTTP/1.1" 200 11005
INFO 2025-12-01 17:10:29,147 basehttp 37904 33748 "GET /api/parking-status/ HTTP/1.1" 200 624
INFO 2025-12-01 17:10:29,150 basehttp 37904 11400 "GET /api/recent-activity/ HTTP/1.1" 200 1013
INFO 2025-12-01 17:10:29,324 basehttp 37904 11400 "GET / HTTP/1.1" 200 116149
INFO 2025-12-01 17:10:29,397 basehttp 37904 33748 "GET /api/parking-data/ HTTP/1.1" 200 11005
INFO 2025-12-01 17:10:29,448 basehttp 37904 11400 "GET /api/parking-status/ HTTP/1.1" 200 624
INFO 2025-12-01 17:10:29,456 basehttp 37904 33448 "GET /api/recent-activity/ HTTP/1.1" 200 1013
INFO 2025-12-01 17:10:34,915 basehttp 37904 33448 "GET /driver/dashboard/ HTTP/1.1" 200 102621
INFO 2025-12-01 17:10:39,801 basehttp 37904 33448 "GET /api/check-vehicle/?vehicle_number=MH12BN0003 HTTP/1.1" 200 104
INFO 2025-12-01 17:10:43,852 autoreload 37904 10780 C:\Users\athar\OneDrive\Desktop\TY - Sem 1\EDI AFTER 30 NOV\forbes marshal admin\parking-system\dashboard\parking_app\views.py changed, reloading.
INFO 2025-12-01 17:10:44,575 autoreload 39280 10920 Watching for file changes with StatReloader
INFO 2025-12-01 17:10:45,394 basehttp 39280 45940 "GET /driver/dashboard/ HTTP/1.1" 200 102621
INFO 2025-12-01 17:10:47,868 basehttp 39280 45940 "GET /api/check-vehicle/?vehicle_number=MH12BN0003 HTTP/1.1" 200 104
INFO 2025-12-01 17:10:52,633 autoreload 39280 10920 C:\Users\athar\OneDrive\Desktop\TY - Sem 1\EDI AFTER 30 NOV\forbes marshal admin\parking-system\dashboard\parking_app\views.py changed, reloading.
INFO 2025-12-01 17:10:53,251 autoreload 11312 32852 Watching for file changes with StatReloader
INFO 2025-12-01 17:11:16,058 basehttp 11312 35920 "GET /driver/dashboard/ HTTP/1.1" 200 102621
INFO 2025-12-01 17:11:42,500 basehttp 11312 35920 "GET /driver/dashboard/ HTTP/1.1" 200 102621
INFO 2025-12-01 17:11:48,940 basehttp 11312 35920 "GET /api/check-vehicle/?vehicle_number=MH12BN0003 HTTP/1.1" 200 104
INFO 2025-12-01 17:11:49,091 basehttp 11312 35920 "GET /api/check-vehicle/?vehicle_number=MH12BN0003 HTTP/1.1" 200 104
INFO 2025-12-01 17:12:13,050 basehttp 11312 35920 "GET /driver/dashboard/ HTTP/1.1" 200 102621
INFO 2025-12-01 17:12:23,413 basehttp 11312 35920 "GET /api/check-vehicle/?vehicle_number=MH12BN0003 HTTP/1.1" 200 104
INFO 2025-12-01 17:12:44,066 basehttp 11312 35920 "GET /driver/dashboard/ HTTP/1.1" 200 102621
INFO 2025-12-01 17:13:15,127 basehttp 11312 35920 "GET /driver/dashboard/ HTTP/1.1" 200 102621
INFO 2025-12-01 17:13:46,087 basehttp 11312 35920 "GET /driver/dashboard/ HTTP/1.1" 200 102621
INFO 2025-12-01 17:14:17,126 basehttp 11312 35920 "GET /driver/dashboard/ HTTP/1.1" 200 102621
INFO 2025-12-01 17:14:48,168 basehttp 11312 35920 "GET /driver/dashboard/ HTTP/1.1" 200 102621
INFO 2025-12-01 17:15:19,127 basehttp 11312 35920 "GET /driver/dashboard/ HTTP/1.1" 200 102621
INFO 2025-12-01 17:15:50,155 basehttp 11312 35920 "GET /driver/dashboard/ HTTP/1.1" 200 102621
INFO 2025-12-01 17:16:21,118 basehttp 11312 35920 "GET /driver/dashboard/ HTTP/1.1" 200 102621
INFO 2025-12-01 17:16:52,120 basehttp 11312 35920 "GET /driver/dashboard/ HTTP/1.1" 200 102621
INFO 2025-12-01 17:17:23,135 basehttp 11312 35920 "GET /driver/dashboard/ HTTP/1.1" 200 102621
INFO 2025-12-01 17:17:54,095 basehttp 11312 35920 "GET /driver/dashboard/ HTTP/1.1" 200 102621
INFO 2025-12-01 17:18:25,135 basehttp 11312 35920 "GET /driver/dashboard/ HTTP/1.1" 200 102621
INFO 2025-12-01 17:18:56,147 basehttp 11312 35920 "GET /driver/dashboard/ HTTP/1.1" 200 102621
INFO 2025-12-01 17:19:27,154 basehttp 11312 35920 "GET /driver/dashboard/ HTTP/1.1" 200 102621
INFO 2025-12-01 17:19:58,119 basehttp 11312 35920 "GET /driver/dashboard/ HTTP/1.1" 200 102621
INFO 2025-12-01 17:20:09,302 autoreload 11312 32852 C:\Users\athar\OneDrive\Desktop\TY - Sem 1\EDI AFTER 30 NOV\forbes marshal admin\parking-system\dashboard\parking_app\views.py changed, reloading.
INFO 2025-12-01 17:20:10,054 autoreload 29052 48876 Watching for file changes with StatReloader
INFO 2025-12-01 17:20:29,256 basehttp 29052 17280 "GET /driver/dashboard/ HTTP/1.1" 200 102621
INFO 2025-12-01 17:20:34,968 autoreload 29052 48876 C:\Users\athar\OneDrive\Desktop\TY - Sem 1\EDI AFTER 30 NOV\forbes marshal admin\parking-system\dashboard\parking_app\views.py changed, reloading.
INFO 2025-12-01 17:20:35,747 autoreload 31736 23040 Watching for file changes with StatReloader
INFO 2025-12-01 17:21:00,105 basehttp 31736 22288 "GET /driver/dashboard/ HTTP/1.1" 200 102621
INFO 2025-12-01 17:21:02,430 basehttp 31736 22288 "GET /driver/dashboard/ HTTP/1.1" 200 102621
INFO 2025-12-01 17:21:04,785 basehttp 31736 22288 "GET /analytics/ HTTP/1.1" 200 74803
INFO 2025-12-01 17:21:04,900 basehttp 31736 22288 "GET /api/analytics-data/?range=today HTTP/1.1" 200 1589
INFO 2025-12-01 17:21:06,444 basehttp 31736 22288 "GET /api/check-vehicle/?vehicle_number=MH12BN0003 HTTP/1.1" 200 104
INFO 2025-12-01 17:21:11,553 basehttp 31736 22288 "GET /api/check-vehicle/?vehicle_number=MH12BN0003 HTTP/1.1" 200 104
INFO 2025-12-01 17:21:35,729 basehttp 31736 22288 "GET /api/analytics-data/?range=today HTTP/1.1" 200 1589
INFO 2025-12-01 17:22:05,721 basehttp 31736 22288 "GET /api/analytics-data/?range=today HTTP/1.1" 200 1589
INFO 2025-12-01 17:22:35,709 basehttp 31736 22288 "GET /api/analytics-data/?range=today HTTP/1.1" 200 1589
INFO 2025-12-01 17:23:05,713 basehttp 31736 22288 "GET /api/analytics-data/?range=today HTTP/1.1" 200 1589
INFO 2025-12-01 17:23:35,737 basehttp 31736 22288 "GET /api/analytics-data/?range=today HTTP/1.1" 200 1589
INFO 2025-12-01 17:24:05,730 basehttp 31736 22288 "GET /api/analytics-data/?range=today HTTP/1.1" 200 1589
INFO 2025-12-01 17:25:21,731 basehttp 31736 22288 "GET /api/analytics-data/?range=today HTTP/1.1" 200 1589
INFO 2025-12-01 17:25:36,967 basehttp 31736 22288 "GET /api/analytics-data/?range=today HTTP/1.1" 200 1589
INFO 2025-12-01 17:25:59,107 basehttp 31736 22288 "POST /api/update-slot/ HTTP/1.1" 200 175
INFO 2025-12-01 17:26:05,737 basehttp 31736 22288 "GET /api/analytics-data/?range=today HTTP/1.1" 200 1699
INFO 2025-12-01 17:26:08,796 basehttp 31736 22288 "GET /analytics/ HTTP/1.1" 200 74804
INFO 2025-12-01 17:26:08,964 basehttp 31736 22288 "GET /api/analytics-data/?range=today HTTP/1.1" 200 1699
INFO 2025-12-01 17:26:10,780 basehttp 31736 22288 "GET / HTTP/1.1" 200 116151
INFO 2025-12-01 17:26:10,903 basehttp 31736 22288 "GET /api/parking-status/ HTTP/1.1" 200 624
INFO 2025-12-01 17:26:10,905 basehttp 31736 18408 "GET /api/parking-data/ HTTP/1.1" 200 11243
INFO 2025-12-01 17:26:10,927 basehttp 31736 29788 "GET /api/recent-activity/ HTTP/1.1" 200 1028
INFO 2025-12-01 17:26:13,813 basehttp 31736 29788 "GET /api/vehicle-details/L1/ HTTP/1.1" 200 456
INFO 2025-12-01 17:26:17,280 basehttp 31736 29788 "POST /api/update-slot/ HTTP/1.1" 200 177
INFO 2025-12-01 17:26:17,317 basehttp 31736 18408 "GET /api/parking-data/ HTTP/1.1" 200 11005
INFO 2025-12-01 17:26:17,351 basehttp 31736 29788 "GET /api/parking-status/ HTTP/1.1" 200 624
INFO 2025-12-01 17:26:18,191 basehttp 31736 29788 "GET / HTTP/1.1" 200 116149
INFO 2025-12-01 17:26:18,272 basehttp 31736 29788 "GET /api/parking-status/ HTTP/1.1" 200 624
INFO 2025-12-01 17:26:18,274 basehttp 31736 18408 "GET /api/parking-data/ HTTP/1.1" 200 11005
INFO 2025-12-01 17:26:18,298 basehttp 31736 22288 "GET /api/recent-activity/ HTTP/1.1" 200 1016
INFO 2025-12-01 17:26:18,658 basehttp 31736 22288 "GET / HTTP/1.1" 200 116149
INFO 2025-12-01 17:26:18,742 basehttp 31736 22288 "GET /api/parking-status/ HTTP/1.1" 200 624
INFO 2025-12-01 17:26:18,742 basehttp 31736 18408 "GET /api/parking-data/ HTTP/1.1" 200 11005
INFO 2025-12-01 17:26:18,764 basehttp 31736 29788 "GET /api/recent-activity/ HTTP/1.1" 200 1016
INFO 2025-12-01 17:26:19,024 basehttp 31736 29788 "GET / HTTP/1.1" 200 116149
INFO 2025-12-01 17:26:19,107 basehttp 31736 18408 "GET /api/parking-data/ HTTP/1.1" 200 11005
INFO 2025-12-01 17:26:19,146 basehttp 31736 29788 "GET /api/parking-status/ HTTP/1.1" 200 624
INFO 2025-12-01 17:26:19,156 basehttp 31736 22288 "GET /api/recent-activity/ HTTP/1.1" 200 1016
INFO 2025-12-01 17:26:22,753 basehttp 31736 22288 "GET / HTTP/1.1" 200 116149
INFO 2025-12-01 17:26:22,836 basehttp 31736 22288 "GET /api/parking-status/ HTTP/1.1" 200 624
INFO 2025-12-01 17:26:22,851 basehttp 31736 18408 "GET /api/recent-activity/ HTTP/1.1" 200 1016
INFO 2025-12-01 17:26:22,857 basehttp 31736 29788 "GET /api/parking-data/ HTTP/1.1" 200 11005
INFO 2025-12-01 17:26:27,175 basehttp 31736 29788 "GET /driver/dashboard/ HTTP/1.1" 200 102621
INFO 2025-12-01 17:26:30,911 basehttp 31736 29788 "GET /api/check-vehicle/?vehicle_number=MH12BN0003 HTTP/1.1" 200 190
INFO 2025-12-01 17:26:34,397 basehttp 31736 29788 "GET / HTTP/1.1" 200 116149
INFO 2025-12-01 17:26:34,482 basehttp 31736 29788 "GET /api/parking-status/ HTTP/1.1" 200 624
INFO 2025-12-01 17:26:34,483 basehttp 31736 18408 "GET /api/parking-data/ HTTP/1.1" 200 11005
INFO 2025-12-01 17:26:34,508 basehttp 31736 22288 "GET /api/recent-activity/ HTTP/1.1" 200 1016
INFO 2025-12-01 17:26:37,648 basehttp 31736 22288 "GET /analytics/ HTTP/1.1" 200 74803
INFO 2025-12-01 17:26:37,750 basehttp 31736 22288 "GET /api/analytics-data/?range=today HTTP/1.1" 200 1701
INFO 2025-12-01 17:26:38,157 basehttp 31736 22288 "GET /realtime/ HTTP/1.1" 200 64877
INFO 2025-12-01 17:26:38,227 basehttp 31736 22288 "GET /api/realtime-monitoring/ HTTP/1.1" 200 1550
INFO 2025-12-01 17:26:38,617 basehttp 31736 22288 "GET / HTTP/1.1" 200 116149
INFO 2025-12-01 17:26:38,697 basehttp 31736 29788 "GET /api/recent-activity/ HTTP/1.1" 200 1016
INFO 2025-12-01 17:26:38,703 basehttp 31736 18408 "GET /api/parking-data/ HTTP/1.1" 200 11005
INFO 2025-12-01 17:26:38,737 basehttp 31736 22288 "GET /api/parking-status/ HTTP/1.1" 200 624
INFO 2025-12-01 17:26:39,175 basehttp 31736 22288 "GET /analytics/ HTTP/1.1" 200 74803
INFO 2025-12-01 17:26:39,275 basehttp 31736 22288 "GET /api/analytics-data/?range=today HTTP/1.1" 200 1701
INFO 2025-12-01 17:27:01,831 autoreload 31736 23040 C:\Users\athar\OneDrive\Desktop\TY - Sem 1\EDI AFTER 30 NOV\forbes marshal admin\parking-system\dashboard\parking_app\views.py changed, reloading.
INFO 2025-12-01 17:27:02,574 autoreload 46144 26196 Watching for file changes with StatReloader
INFO 2025-12-01 17:27:07,349 basehttp 46144 27944 "GET /driver/dashboard/ HTTP/1.1" 200 102621
INFO 2025-12-01 17:27:24,227 basehttp 46144 27944 "GET /api/check-vehicle/?vehicle_number=MH12BN0003 HTTP/1.1" 200 190
INFO 2025-12-01 17:27:31,886 basehttp 46144 27944 "GET /api/check-vehicle/?vehicle_number=MH13BX9874 HTTP/1.1" 200 104
INFO 2025-12-01 17:27:37,811 basehttp 46144 27944 "GET /driver/dashboard/ HTTP/1.1" 200 102621
INFO 2025-12-01 17:27:43,139 basehttp 46144 27944 "GET /api/check-vehicle/?vehicle_number=MH13BX9874 HTTP/1.1" 200 104
INFO 2025-12-01 17:28:09,040 basehttp 46144 27944 "GET /driver/dashboard/ HTTP/1.1" 200 102608
INFO 2025-12-01 17:28:40,052 basehttp 46144 27944 "GET /driver/dashboard/ HTTP/1.1" 200 102608
INFO 2025-12-01 17:29:11,031 basehttp 46144 27944 "GET /driver/dashboard/ HTTP/1.1" 200 102619
INFO 2025-12-01 17:29:42,056 basehttp 46144 27944 "GET /driver/dashboard/ HTTP/1.1" 200 102619
INFO 2025-12-01 17:30:13,049 basehttp 46144 27944 "GET /driver/dashboard/ HTTP/1.1" 200 102620
INFO 2025-12-01 17:30:39,301 autoreload 46144 26196 C:\Users\athar\OneDrive\Desktop\TY - Sem 1\EDI AFTER 30 NOV\forbes marshal admin\parking-system\dashboard\parking_app\views.py changed, reloading.
INFO 2025-12-01 17:30:39,991 autoreload 25220 12344 Watching for file changes with StatReloader
INFO 2025-12-01 17:30:44,112 basehttp 25220 9504 "GET /driver/dashboard/ HTTP/1.1" 200 102620
INFO 2025-12-01 17:31:15,082 basehttp 25220 9504 "GET /driver/dashboard/ HTTP/1.1" 200 102620
INFO 2025-12-01 17:31:46,156 basehttp 25220 9504 "GET /driver/dashboard/ HTTP/1.1" 200 102620
INFO 2025-12-01 17:32:17,100 basehttp 25220 9504 "GET /driver/dashboard/ HTTP/1.1" 200 102620
INFO 2025-12-01 17:32:47,830 basehttp 25220 9504 "GET /driver/dashboard/ HTTP/1.1" 200 102620
INFO 2025-12-01 17:33:01,706 basehttp 25220 9504 "GET /api/check-vehicle/?vehicle_number=MH13BX9874 HTTP/1.1" 200 104
INFO 2025-12-01 17:33:19,054 basehttp 25220 9504 "GET /driver/dashboard/ HTTP/1.1" 200 102620
INFO 2025-12-01 17:33:29,830 basehttp 25220 9504 "GET /api/check-vehicle/?vehicle_number=MH13BX9874 HTTP/1.1" 200 104
INFO 2025-12-01 17:33:50,060 basehttp 25220 9504 "GET /driver/dashboard/ HTTP/1.1" 200 102620
INFO 2025-12-01 17:34:20,992 basehttp 25220 9504 "GET /driver/dashboard/ HTTP/1.1" 200 102620
INFO 2025-12-01 17:34:30,116 basehttp 25220 9504 "GET /api/check-vehicle/?vehicle_number=MH01BX0231 HTTP/1.1" 200 104
INFO 2025-12-01 17:34:35,302 basehttp 25220 9504 "GET /api/analytics-data/?range=today HTTP/1.1" 200 1701
INFO 2025-12-01 17:34:39,272 basehttp 25220 9504 "GET /api/analytics-data/?range=today HTTP/1.1" 200 1701
INFO 2025-12-01 17:34:41,421 basehttp 25220 9504 "GET /api/check-vehicle/?vehicle_number=MB05BX1045 HTTP/1.1" 200 104
INFO 2025-12-01 17:35:09,728 basehttp 25220 9504 "GET /api/analytics-data/?range=today HTTP/1.1" 200 1701
INFO 2025-12-01 17:35:39,725 basehttp 25220 9504 "GET /api/analytics-data/?range=today HTTP/1.1" 200 1701
INFO 2025-12-01 17:36:09,735 basehttp 25220 9504 "GET /api/analytics-data/?range=today HTTP/1.1" 200 1701
INFO 2025-12-01 17:36:18,306 autoreload 25220 12344 C:\Users\athar\OneDrive\Desktop\TY - Sem 1\EDI AFTER 30 NOV\forbes marshal admin\parking-system\dashboard\parking_app\views.py changed, reloading.
INFO 2025-12-01 17:36:18,926 autoreload 47688 31964 Watching for file changes with StatReloader
INFO 2025-12-01 17:36:39,752 basehttp 47688 24520 "GET /api/analytics-data/?range=today HTTP/1.1" 200 1701
INFO 2025-12-01 17:37:12,151 basehttp 47688 24520 "GET /api/analytics-data/?range=today HTTP/1.1" 200 1701
INFO 2025-12-01 17:37:14,330 basehttp 47688 24520 "GET /analytics/ HTTP/1.1" 200 74803
INFO 2025-12-01 17:37:14,428 basehttp 47688 24520 "GET /api/analytics-data/?range=today HTTP/1.1" 200 1701
INFO 2025-12-01 17:37:14,484 basehttp 47688 9772 "GET /analytics/ HTTP/1.1" 200 74803
INFO 2025-12-01 17:37:14,575 basehttp 47688 24520 "GET /analytics/ HTTP/1.1" 200 74803
INFO 2025-12-01 17:37:14,591 basehttp 47688 9772 - Broken pipe from ('127.0.0.1', 53752)
INFO 2025-12-01 17:37:14,710 basehttp 47688 13000 "GET /analytics/ HTTP/1.1" 200 74803
INFO 2025-12-01 17:37:14,711 basehttp 47688 24520 "GET /api/analytics-data/?range=today HTTP/1.1" 200 1701
INFO 2025-12-01 17:37:14,832 basehttp 47688 13000 "GET /analytics/ HTTP/1.1" 200 74803
INFO 2025-12-01 17:37:14,841 basehttp 47688 24520 - Broken pipe from ('127.0.0.1', 65080)
INFO 2025-12-01 17:37:14,961 basehttp 47688 13000 "GET /api/analytics-data/?range=today HTTP/1.1" 200 1701
INFO 2025-12-01 17:37:16,126 basehttp 47688 13000 "GET / HTTP/1.1" 200 116149
INFO 2025-12-01 17:37:16,222 basehttp 47688 13000 "GET /api/parking-status/ HTTP/1.1" 200 624
INFO 2025-12-01 17:37:16,231 basehttp 47688 49224 "GET /api/recent-activity/ HTTP/1.1" 200 1017
INFO 2025-12-01 17:37:16,236 basehttp 47688 36668 "GET /api/parking-data/ HTTP/1.1" 200 11005
INFO 2025-12-01 17:37:18,137 basehttp 47688 36668 "GET /driver/dashboard/ HTTP/1.1" 200 102620
INFO 2025-12-01 17:37:25,990 basehttp 47688 36668 "GET /api/check-vehicle/?vehicle_number=MH13BX9874 HTTP/1.1" 200 210
INFO 2025-12-01 17:37:35,232 basehttp 47688 36668 "GET /api/check-vehicle/?vehicle_number=MH14NP7412 HTTP/1.1" 200 184
INFO 2025-12-01 17:37:45,056 basehttp 47688 36668 "GET /analytics/ HTTP/1.1" 200 74803
INFO 2025-12-01 17:37:45,160 basehttp 47688 36668 "GET /api/analytics-data/?range=today HTTP/1.1" 200 1701
INFO 2025-12-01 17:37:46,897 basehttp 47688 36668 "GET /api/check-vehicle/?vehicle_number=MH35BX2228 HTTP/1.1" 200 100
INFO 2025-12-01 17:37:55,595 basehttp 47688 36668 "GET / HTTP/1.1" 200 116149
INFO 2025-12-01 17:37:55,695 basehttp 47688 36668 "GET /api/parking-status/ HTTP/1.1" 200 624
INFO 2025-12-01 17:37:55,695 basehttp 47688 49224 "GET /api/parking-data/ HTTP/1.1" 200 11005
INFO 2025-12-01 17:37:55,719 basehttp 47688 13000 "GET /api/recent-activity/ HTTP/1.1" 200 1017
INFO 2025-12-01 17:38:25,687 basehttp 47688 49224 "GET /api/parking-data/ HTTP/1.1" 200 11005
INFO 2025-12-01 17:38:25,716 basehttp 47688 13000 "GET /api/parking-status/ HTTP/1.1" 200 624
INFO 2025-12-01 17:38:25,725 basehttp 47688 36668 "GET /api/recent-activity/ HTTP/1.1" 200 1017
INFO 2025-12-01 17:38:55,708 basehttp 47688 36668 "GET /api/parking-status/ HTTP/1.1" 200 624
INFO 2025-12-01 17:38:55,728 basehttp 47688 49224 "GET /api/recent-activity/ HTTP/1.1" 200 1017
INFO 2025-12-01 17:38:55,737 basehttp 47688 13000 "GET /api/parking-data/ HTTP/1.1" 200 11005
INFO 2025-12-01 17:39:25,700 basehttp 47688 49224 "GET /api/parking-data/ HTTP/1.1" 200 11005
INFO 2025-12-01 17:39:25,729 basehttp 47688 13000 "GET /api/parking-status/ HTTP/1.1" 200 624
INFO 2025-12-01 17:39:25,738 basehttp 47688 36668 "GET /api/recent-activity/ HTTP/1.1" 200 1017
INFO 2025-12-01 17:39:55,708 basehttp 47688 36668 "GET /api/parking-status/ HTTP/1.1" 200 624
INFO 2025-12-01 17:39:55,708 basehttp 47688 13000 "GET /api/parking-data/ HTTP/1.1" 200 11005
INFO 2025-12-01 17:39:55,727 basehttp 47688 49224 "GET /api/recent-activity/ HTTP/1.1" 200 1017
INFO 2025-12-01 17:40:25,701 basehttp 47688 13000 "GET /api/parking-data/ HTTP/1.1" 200 11005
INFO 2025-12-01 17:40:25,727 basehttp 47688 49224 "GET /api/parking-status/ HTTP/1.1" 200 624
INFO 2025-12-01 17:40:25,739 basehttp 47688 36668 "GET /api/recent-activity/ HTTP/1.1" 200 1017
INFO 2025-12-01 17:40:55,708 basehttp 47688 36668 "GET /api/parking-status/ HTTP/1.1" 200 624
INFO 2025-12-01 17:40:55,720 basehttp 47688 49224 "GET /api/parking-data/ HTTP/1.1" 200 11005
INFO 2025-12-01 17:40:55,741 basehttp 47688 13000 "GET /api/recent-activity/ HTTP/1.1" 200 1017
INFO 2025-12-01 17:42:12,869 basehttp 47688 49224 "GET /api/parking-data/ HTTP/1.1" 200 11005
INFO 2025-12-01 17:42:12,880 basehttp 47688 13000 "GET /api/parking-status/ HTTP/1.1" 200 624
INFO 2025-12-01 17:42:12,898 basehttp 47688 36668 "GET /api/recent-activity/ HTTP/1.1" 200 1017
INFO 2025-12-01 17:42:25,719 basehttp 47688 36668 "GET /api/parking-status/ HTTP/1.1" 200 624
INFO 2025-12-01 17:42:25,721 basehttp 47688 13000 "GET /api/parking-data/ HTTP/1.1" 200 11005
INFO 2025-12-01 17:42:25,741 basehttp 47688 49224 "GET /api/recent-activity/ HTTP/1.1" 200 1017
INFO 2025-12-01 17:42:55,691 basehttp 47688 13000 "GET /api/parking-data/ HTTP/1.1" 200 11005
INFO 2025-12-01 17:42:55,711 basehttp 47688 36668 "GET /api/recent-activity/ HTTP/1.1" 200 1017
INFO 2025-12-01 17:42:55,738 basehttp 47688 49224 "GET /api/parking-status/ HTTP/1.1" 200 624
INFO 2025-12-01 17:43:21,392 basehttp 47688 49224 "GET /api/check-vehicle/?vehicle_number=MH10BX9098 HTTP/1.1" 200 101
INFO 2025-12-01 17:43:25,703 basehttp 47688 13000 "GET /api/recent-activity/ HTTP/1.1" 200 1017
INFO 2025-12-01 17:43:25,713 basehttp 47688 36668 "GET /api/parking-data/ HTTP/1.1" 200 11005
INFO 2025-12-01 17:43:25,737 basehttp 47688 49224 "GET /api/parking-status/ HTTP/1.1" 200 624
INFO 2025-12-01 17:43:55,707 basehttp 47688 49224 "GET /api/parking-status/ HTTP/1.1" 200 624
INFO 2025-12-01 17:43:55,707 basehttp 47688 36668 "GET /api/parking-data/ HTTP/1.1" 200 11005
INFO 2025-12-01 17:43:55,731 basehttp 47688 13000 "GET /api/recent-activity/ HTTP/1.1" 200 1017
INFO 2025-12-01 17:44:25,665 basehttp 47688 36668 "GET /api/parking-data/ HTTP/1.1" 200 11005
INFO 2025-12-01 17:44:25,697 basehttp 47688 13000 "GET /api/parking-status/ HTTP/1.1" 200 624
INFO 2025-12-01 17:44:25,705 basehttp 47688 49224 "GET /api/recent-activity/ HTTP/1.1" 200 1017
INFO 2025-12-01 17:44:28,124 basehttp 47688 49224 "GET /driver/dashboard/ HTTP/1.1" 200 102547
INFO 2025-12-01 17:44:30,380 basehttp 47688 49224 "GET /api/check-vehicle/?vehicle_number=MH10BX9098 HTTP/1.1" 200 103
INFO 2025-12-01 17:44:42,984 basehttp 47688 49224 "GET /api/check-vehicle/?vehicle_number=MH10BX9098 HTTP/1.1" 200 103
INFO 2025-12-01 17:44:43,151 basehttp 47688 49224 "GET /api/check-vehicle/?vehicle_number=MH10BX9098 HTTP/1.1" 200 103
INFO 2025-12-01 17:44:43,348 basehttp 47688 49224 "GET /api/check-vehicle/?vehicle_number=MH10BX9098 HTTP/1.1" 200 103
INFO 2025-12-01 17:44:43,482 basehttp 47688 49224 "GET /api/check-vehicle/?vehicle_number=MH10BX9098 HTTP/1.1" 200 103
INFO 2025-12-01 17:44:49,143 basehttp 47688 49224 "GET /driver/dashboard/ HTTP/1.1" 200 102547
INFO 2025-12-01 17:44:50,229 basehttp 47688 49224 "GET /driver/dashboard/ HTTP/1.1" 200 102547
INFO 2025-12-01 17:44:51,700 basehttp 47688 49224 "GET /driver/detail/1035629d-f982-4c06-850b-5574ff4ca5af/ HTTP/1.1" 200 64698
INFO 2025-12-01 17:44:51,809 basehttp 47688 49224 "GET /driver/document/1035629d-f982-4c06-850b-5574ff4ca5af/driver_photo/ HTTP/1.1" 200 87695
INFO 2025-12-01 17:44:53,760 basehttp 47688 49224 "GET /driver/document/1035629d-f982-4c06-850b-5574ff4ca5af/driver_photo/ HTTP/1.1" 200 87695
INFO 2025-12-01 17:44:55,304 basehttp 47688 49224 "GET /driver/document/1035629d-f982-4c06-850b-5574ff4ca5af/driver_license_photo/ HTTP/1.1" 200 68841
WARNING 2025-12-01 17:44:59,232 log 47688 49224 Not Found: /driver/oto/
WARNING 2025-12-01 17:44:59,233 basehttp 47688 49224 "GET /driver/oto/ HTTP/1.1" 404 8753
INFO 2025-12-01 17:45:02,509 basehttp 47688 49224 "GET / HTTP/1.1" 200 116149
INFO 2025-12-01 17:45:02,674 basehttp 47688 13000 "GET /api/parking-data/ HTTP/1.1" 200 11005
INFO 2025-12-01 17:45:02,710 basehttp 47688 49224 "GET /api/parking-status/ HTTP/1.1" 200 624
INFO 2025-12-01 17:45:02,717 basehttp 47688 36668 "GET /api/recent-activity/ HTTP/1.1" 200 1017
INFO 2025-12-01 17:45:04,530 basehttp 47688 36668 "GET /driver/dashboard/ HTTP/1.1" 200 102547
INFO 2025-12-01 17:45:05,733 basehttp 47688 36668 "GET /driver/detail/1035629d-f982-4c06-850b-5574ff4ca5af/ HTTP/1.1" 200 64698
INFO 2025-12-01 17:45:05,821 basehttp 47688 36668 "GET /driver/document/1035629d-f982-4c06-850b-5574ff4ca5af/driver_photo/ HTTP/1.1" 200 87695
INFO 2025-12-01 17:45:11,600 basehttp 47688 36668 "GET /driver/document/1035629d-f982-4c06-850b-5574ff4ca5af/vehicle_rc/ HTTP/1.1" 200 7306
INFO 2025-12-01 17:45:13,387 basehttp 47688 36668 "GET /driver/document/1035629d-f982-4c06-850b-5574ff4ca5af/material_receipt/ HTTP/1.1" 200 3088816
INFO 2025-12-01 17:45:28,501 basehttp 47688 36668 "POST /driver/detail/1035629d-f982-4c06-850b-5574ff4ca5af/ HTTP/1.1" 302 0
INFO 2025-12-01 17:45:28,574 basehttp 47688 36668 "GET /driver/detail/1035629d-f982-4c06-850b-5574ff4ca5af/ HTTP/1.1" 200 66368
INFO 2025-12-01 17:45:28,650 basehttp 47688 36668 "GET /driver/document/1035629d-f982-4c06-850b-5574ff4ca5af/driver_photo/ HTTP/1.1" 200 87695
INFO 2025-12-01 17:45:32,240 basehttp 47688 36668 "GET /driver/detail/1035629d-f982-4c06-850b-5574ff4ca5af/ HTTP/1.1" 200 66368
INFO 2025-12-01 17:45:32,324 basehttp 47688 36668 "GET /driver/document/1035629d-f982-4c06-850b-5574ff4ca5af/driver_photo/ HTTP/1.1" 200 87695
INFO 2025-12-01 17:45:35,044 basehttp 47688 36668 "GET /api/check-vehicle/?vehicle_number=MH10BX9098 HTTP/1.1" 200 216
INFO 2025-12-01 17:45:40,542 basehttp 47688 36668 "GET /api/check-vehicle/?vehicle_number=MH10BX9098 HTTP/1.1" 200 216
INFO 2025-12-01 17:45:41,255 basehttp 47688 36668 "POST /api/update-slot/ HTTP/1.1" 200 175
INFO 2025-12-01 17:45:46,639 basehttp 47688 36668 "GET /driver/detail/1035629d-f982-4c06-850b-5574ff4ca5af/ HTTP/1.1" 200 66368
INFO 2025-12-01 17:45:46,727 basehttp 47688 36668 "GET /driver/document/1035629d-f982-4c06-850b-5574ff4ca5af/driver_photo/ HTTP/1.1" 200 87695
INFO 2025-12-01 17:45:47,185 basehttp 47688 36668 "GET / HTTP/1.1" 200 116151
INFO 2025-12-01 17:45:47,258 basehttp 47688 49224 "GET /api/parking-data/ HTTP/1.1" 200 11243
INFO 2025-12-01 17:45:47,291 basehttp 47688 13000 "GET /api/recent-activity/ HTTP/1.1" 200 1024
INFO 2025-12-01 17:45:47,314 basehttp 47688 36668 "GET /api/parking-status/ HTTP/1.1" 200 624
INFO 2025-12-01 17:45:49,378 basehttp 47688 36668 "GET /api/vehicle-details/L1/ HTTP/1.1" 200 456
INFO 2025-12-01 17:46:02,773 basehttp 47688 36668 "GET /api/vehicle-details/L1/ HTTP/1.1" 200 456
INFO 2025-12-01 17:46:07,737 basehttp 47688 36668 "GET /realtime/ HTTP/1.1" 200 64877
INFO 2025-12-01 17:46:07,831 basehttp 47688 36668 "GET /api/realtime-monitoring/ HTTP/1.1" 200 1931
INFO 2025-12-01 17:46:08,250 basehttp 47688 36668 "GET /analytics/ HTTP/1.1" 200 74803
INFO 2025-12-01 17:46:08,374 basehttp 47688 36668 "GET /api/analytics-data/?range=today HTTP/1.1" 200 1878
INFO 2025-12-01 17:46:12,012 basehttp 47688 36668 - Broken pipe from ('127.0.0.1', 64280)
INFO 2025-12-01 17:46:12,382 basehttp 47688 13000 "GET /driver/dashboard/ HTTP/1.1" 200 102541
INFO 2025-12-01 17:46:14,684 basehttp 47688 13000 "GET /api/check-vehicle/?vehicle_number=MH10BX9098 HTTP/1.1" 200 190
INFO 2025-12-01 17:46:16,949 basehttp 47688 13000 "POST /api/update-slot/ HTTP/1.1" 200 113
INFO 2025-12-01 17:46:21,988 basehttp 47688 13000 "GET /driver/dashboard/ HTTP/1.1" 200 102541
INFO 2025-12-01 17:46:22,896 basehttp 47688 13000 "GET / HTTP/1.1" 200 116151
INFO 2025-12-01 17:46:22,994 basehttp 47688 2176 "GET /api/recent-activity/ HTTP/1.1" 200 1024
INFO 2025-12-01 17:46:23,018 basehttp 47688 13000 "GET /api/parking-status/ HTTP/1.1" 200 624
INFO 2025-12-01 17:46:23,019 basehttp 47688 49224 "GET /api/parking-data/ HTTP/1.1" 200 11243
INFO 2025-12-01 17:46:23,867 basehttp 47688 49224 "GET / HTTP/1.1" 200 116151
INFO 2025-12-01 17:46:23,947 basehttp 47688 2176 "GET /api/recent-activity/ HTTP/1.1" 200 1024
INFO 2025-12-01 17:46:23,975 basehttp 47688 49224 "GET /api/parking-status/ HTTP/1.1" 200 624
INFO 2025-12-01 17:46:23,979 basehttp 47688 13000 "GET /api/parking-data/ HTTP/1.1" 200 11243
INFO 2025-12-01 17:46:24,105 basehttp 47688 13000 "GET / HTTP/1.1" 200 116151
INFO 2025-12-01 17:46:24,178 basehttp 47688 49224 "GET /api/parking-data/ HTTP/1.1" 200 11243
INFO 2025-12-01 17:46:24,217 basehttp 47688 2176 "GET /api/recent-activity/ HTTP/1.1" 200 1024
INFO 2025-12-01 17:46:24,238 basehttp 47688 13000 "GET /api/parking-status/ HTTP/1.1" 200 624
INFO 2025-12-01 17:46:24,255 basehttp 47688 49224 "GET / HTTP/1.1" 200 116151
INFO 2025-12-01 17:46:24,339 basehttp 47688 2176 "GET /api/recent-activity/ HTTP/1.1" 200 1024
INFO 2025-12-01 17:46:24,363 basehttp 47688 49224 "GET /api/parking-status/ HTTP/1.1" 200 624
INFO 2025-12-01 17:46:24,387 basehttp 47688 13000 "GET /api/parking-data/ HTTP/1.1" 200 11243
INFO 2025-12-01 17:46:24,388 basehttp 47688 35292 "GET / HTTP/1.1" 200 116151
INFO 2025-12-01 17:46:24,483 basehttp 47688 35292 "GET / HTTP/1.1" 200 116151
INFO 2025-12-01 17:46:24,511 basehttp 47688 49224 - Broken pipe from ('127.0.0.1', 54799)
INFO 2025-12-01 17:46:24,511 basehttp 47688 13000 - Broken pipe from ('127.0.0.1', 51555)
INFO 2025-12-01 17:46:24,542 basehttp 47688 2176 - Broken pipe from ('127.0.0.1', 55034)
INFO 2025-12-01 17:46:24,574 basehttp 47688 35292 "GET /api/parking-status/ HTTP/1.1" 200 624
INFO 2025-12-01 17:46:24,577 basehttp 47688 38556 "GET /api/parking-data/ HTTP/1.1" 200 11243
INFO 2025-12-01 17:46:24,598 basehttp 47688 19548 "GET /api/recent-activity/ HTTP/1.1" 200 1024
INFO 2025-12-01 17:46:25,560 basehttp 47688 19548 "GET / HTTP/1.1" 200 116151
INFO 2025-12-01 17:46:25,630 basehttp 47688 38556 "GET /api/parking-data/ HTTP/1.1" 200 11243
INFO 2025-12-01 17:46:25,659 basehttp 47688 35292 "GET /api/recent-activity/ HTTP/1.1" 200 1024
INFO 2025-12-01 17:46:25,673 basehttp 47688 19548 "GET /api/parking-status/ HTTP/1.1" 200 624
INFO 2025-12-01 17:46:25,729 basehttp 47688 19548 "GET / HTTP/1.1" 200 116151
INFO 2025-12-01 17:46:25,809 basehttp 47688 19548 "GET /api/parking-status/ HTTP/1.1" 200 624
INFO 2025-12-01 17:46:25,825 basehttp 47688 38556 "GET /api/recent-activity/ HTTP/1.1" 200 1024
INFO 2025-12-01 17:46:25,829 basehttp 47688 35292 "GET /api/parking-data/ HTTP/1.1" 200 11243
INFO 2025-12-01 17:46:25,905 basehttp 47688 35292 "GET / HTTP/1.1" 200 116151
INFO 2025-12-01 17:46:26,001 basehttp 47688 35292 "GET /api/parking-status/ HTTP/1.1" 200 624
INFO 2025-12-01 17:46:26,002 basehttp 47688 38556 "GET /api/parking-data/ HTTP/1.1" 200 11243
INFO 2025-12-01 17:46:26,032 basehttp 47688 19548 "GET /api/recent-activity/ HTTP/1.1" 200 1024
INFO 2025-12-01 17:46:26,047 basehttp 47688 22548 "GET / HTTP/1.1" 200 116151
INFO 2025-12-01 17:46:26,130 basehttp 47688 22548 "GET /api/parking-status/ HTTP/1.1" 200 624
INFO 2025-12-01 17:46:26,130 basehttp 47688 19548 "GET /api/parking-data/ HTTP/1.1" 200 11243
INFO 2025-12-01 17:46:26,155 basehttp 47688 38556 "GET /api/recent-activity/ HTTP/1.1" 200 1024
INFO 2025-12-01 17:46:27,076 basehttp 47688 38556 "GET / HTTP/1.1" 200 116151
INFO 2025-12-01 17:46:27,161 basehttp 47688 38556 "GET /api/parking-status/ HTTP/1.1" 200 624
INFO 2025-12-01 17:46:27,164 basehttp 47688 19548 "GET /api/parking-data/ HTTP/1.1" 200 11243
INFO 2025-12-01 17:46:27,194 basehttp 47688 22548 "GET /api/recent-activity/ HTTP/1.1" 200 1024
INFO 2025-12-01 17:46:27,237 basehttp 47688 19548 "GET / HTTP/1.1" 200 116151
INFO 2025-12-01 17:46:27,313 basehttp 47688 22548 "GET /api/parking-data/ HTTP/1.1" 200 11243
INFO 2025-12-01 17:46:27,353 basehttp 47688 19548 "GET /api/parking-status/ HTTP/1.1" 200 624
INFO 2025-12-01 17:46:27,375 basehttp 47688 35292 "GET / HTTP/1.1" 200 116151
INFO 2025-12-01 17:46:27,385 basehttp 47688 38556 - Broken pipe from ('127.0.0.1', 63343)
INFO 2025-12-01 17:46:27,462 basehttp 47688 19548 "GET /api/recent-activity/ HTTP/1.1" 200 1024
INFO 2025-12-01 17:46:27,488 basehttp 47688 35292 "GET /api/parking-status/ HTTP/1.1" 200 624
INFO 2025-12-01 17:46:27,488 basehttp 47688 22548 "GET /api/parking-data/ HTTP/1.1" 200 11243
INFO 2025-12-01 17:46:57,704 basehttp 47688 19548 "GET /api/recent-activity/ HTTP/1.1" 200 1023
INFO 2025-12-01 17:46:57,729 basehttp 47688 22548 "GET /api/parking-status/ HTTP/1.1" 200 624
INFO 2025-12-01 17:46:57,730 basehttp 47688 35292 "GET /api/parking-data/ HTTP/1.1" 200 11243
INFO 2025-12-01 17:47:27,721 basehttp 47688 35292 "GET /api/parking-status/ HTTP/1.1" 200 624
INFO 2025-12-01 17:47:27,731 basehttp 47688 19548 "GET /api/recent-activity/ HTTP/1.1" 200 1023
INFO 2025-12-01 17:47:27,734 basehttp 47688 22548 "GET /api/parking-data/ HTTP/1.1" 200 11243
INFO 2025-12-01 17:47:53,810 autoreload 47688 31964 C:\Users\athar\OneDrive\Desktop\TY - Sem 1\EDI AFTER 30 NOV\forbes marshal admin\parking-system\dashboard\parking_app\views.py changed, reloading.
INFO 2025-12-01 17:47:54,576 autoreload 48060 41088 Watching for file changes with StatReloader
INFO 2025-12-01 17:47:57,719 basehttp 48060 14392 "GET /api/parking-status/ HTTP/1.1" 200 624
INFO 2025-12-01 17:47:57,724 basehttp 48060 25876 "GET /api/parking-data/ HTTP/1.1" 200 11243
INFO 2025-12-01 17:47:57,741 basehttp 48060 12272 "GET /api/recent-activity/ HTTP/1.1" 200 1024
INFO 2025-12-01 17:48:27,706 basehttp 48060 12272 "GET /api/parking-status/ HTTP/1.1" 200 624
INFO 2025-12-01 17:48:27,715 basehttp 48060 25876 "GET /api/parking-data/ HTTP/1.1" 200 11243
INFO 2025-12-01 17:48:27,732 basehttp 48060 14392 "GET /api/recent-activity/ HTTP/1.1" 200 1024
INFO 2025-12-01 17:48:38,741 basehttp 48060 14392 "GET /api/vehicle-details/L1/ HTTP/1.1" 200 456
INFO 2025-12-01 17:48:41,474 basehttp 48060 14392 "GET /api/vehicle-details/L1/ HTTP/1.1" 200 456
INFO 2025-12-01 17:48:43,576 basehttp 48060 14392 "GET /api/vehicle-details/TW2/ HTTP/1.1" 200 92
INFO 2025-12-01 17:48:53,403 basehttp 48060 14392 "GET /driver/dashboard/ HTTP/1.1" 200 102541
INFO 2025-12-01 17:48:57,788 basehttp 48060 14392 "GET /driver/dashboard/ HTTP/1.1" 200 102541
INFO 2025-12-01 17:48:58,009 basehttp 48060 14392 "GET / HTTP/1.1" 200 116151
INFO 2025-12-01 17:48:58,122 basehttp 48060 14392 "GET /api/parking-status/ HTTP/1.1" 200 624
INFO 2025-12-01 17:48:58,123 basehttp 48060 25876 "GET /api/parking-data/ HTTP/1.1" 200 11243
INFO 2025-12-01 17:48:58,149 basehttp 48060 12272 "GET /api/recent-activity/ HTTP/1.1" 200 1024
INFO 2025-12-01 17:48:58,891 basehttp 48060 12272 "GET /driver/apply/ HTTP/1.1" 200 27544
INFO 2025-12-01 17:49:28,074 basehttp 48060 25876 "GET /api/parking-data/ HTTP/1.1" 200 11243
INFO 2025-12-01 17:49:28,115 basehttp 48060 12272 "GET /api/parking-status/ HTTP/1.1" 200 624
INFO 2025-12-01 17:49:28,125 basehttp 48060 14392 "GET /api/recent-activity/ HTTP/1.1" 200 1024
INFO 2025-12-01 17:49:33,501 basehttp 48060 14392 "GET /api/vehicle-details/L1/ HTTP/1.1" 200 456
INFO 2025-12-01 17:49:43,661 basehttp 48060 14392 "GET /realtime/ HTTP/1.1" 200 64877
INFO 2025-12-01 17:49:43,760 basehttp 48060 14392 "GET /api/realtime-monitoring/ HTTP/1.1" 200 1931
INFO 2025-12-01 17:49:44,153 basehttp 48060 14392 "GET /analytics/ HTTP/1.1" 200 74803
INFO 2025-12-01 17:49:44,274 basehttp 48060 14392 "GET /api/analytics-data/?range=today HTTP/1.1" 200 1878
INFO 2025-12-01 17:49:46,025 basehttp 48060 14392 "GET /driver/dashboard/ HTTP/1.1" 200 102541
INFO 2025-12-01 17:49:46,974 basehttp 48060 14392 "GET /maintenance/ HTTP/1.1" 200 93101
INFO 2025-12-01 17:49:49,319 basehttp 48060 14392 "GET /driver/dashboard/ HTTP/1.1" 200 102541
INFO 2025-12-01 17:50:20,140 basehttp 48060 14392 "GET /driver/dashboard/ HTTP/1.1" 200 102541
INFO 2025-12-01 17:51:28,824 autoreload 6828 41840 Watching for file changes with StatReloader
INFO 2025-12-01 17:51:30,264 basehttp 6828 23820 "GET / HTTP/1.1" 200 116151
INFO 2025-12-01 17:51:30,544 basehttp 6828 16248 "GET /api/parking-data/ HTTP/1.1" 200 11243
INFO 2025-12-01 17:51:30,598 basehttp 6828 43968 "GET /api/recent-activity/ HTTP/1.1" 200 1024
INFO 2025-12-01 17:51:30,628 basehttp 6828 23820 "GET /api/parking-status/ HTTP/1.1" 200 624
